#-----------------------------------------------------------
# Vivado v2017.2 (64-bit)
# SW Build 1909853 on Thu Jun 15 18:39:09 MDT 2017
# IP Build 1909766 on Thu Jun 15 19:58:00 MDT 2017
# Start of session at: Sat Sep  2 02:35:35 2017
# Process ID: 2708
# Current directory: C:/Users/Diego/Desktop/Arqui/Proyecto/Proyecto/Extras/Proyecto Base
# Command line: vivado.exe -gui_launcher_event rodinguilauncherevent11208 C:\Users\Diego\Desktop\Arqui\Proyecto\Proyecto\Extras\Proyecto Base\Proyecto Base.xpr
# Log file: C:/Users/Diego/Desktop/Arqui/Proyecto/Proyecto/Extras/Proyecto Base/vivado.log
# Journal file: C:/Users/Diego/Desktop/Arqui/Proyecto/Proyecto/Extras/Proyecto Base\vivado.jou
#-----------------------------------------------------------
start_gui
open_project {C:/Users/Diego/Desktop/Arqui/Proyecto/Proyecto/Extras/Proyecto Base/Proyecto Base.xpr}
update_compile_order -fileset sources_1
launch_simulation
source Basys3.tcl
reset_run synth_1
launch_runs synth_1 -jobs 2
wait_on_run synth_1
launch_runs impl_1 -jobs 2
wait_on_run impl_1
reset_run synth_1
launch_runs impl_1 -jobs 2
wait_on_run impl_1
close_sim
launch_simulation
source Basys3.tcl
reset_run synth_1
launch_runs synth_1 -jobs 2
wait_on_run synth_1
launch_runs impl_1 -jobs 2
wait_on_run impl_1
reset_run synth_1
launch_runs synth_1 -jobs 2
wait_on_run synth_1
launch_runs impl_1 -jobs 2
wait_on_run impl_1
open_run synth_1 -name synth_1
close_sim
